
> ottobon-aca@0.0.0 build
> tsc -b && vite build

src/App.tsx(1,32): error TS2306: File 'C:/Abhi Drive/ottobon_Aca/node_modules/@slorber/react-helmet-async/index.d.ts' is not a module.
src/LandingPage.tsx(5,24): error TS2306: File 'C:/Abhi Drive/ottobon_Aca/node_modules/@slorber/react-helmet-async/index.d.ts' is not a module.
