src/components/MorphingBackground.tsx(2,8): error TS6133: 'React' is declared but its value is never read.
src/components/MorphingBackground.tsx(2,34): error TS6133: 'useEffect' is declared but its value is never read.
src/components/OfferingsStack.tsx(3,72): error TS6133: 'ChevronRight' is declared but its value is never read.
